// Jest Snapshot v1, https://goo.gl/fbAQLP

exports[`Button Component should match the snapshot 1`] = `
<DocumentFragment>
  .c0 {
  all: unset;
  border-radius: 8px;
  background: #FF7C24;
  min-height: 45px;
  padding: 0 6px;
  min-width: 100px;
  font-size: 1.8rem;
  display: flex;
  align-items: center;
  justify-content: center;
  gap: 1.6rem;
  color: #FFFFFF;
  opacity: 0.8;
  cursor: pointer;
  transition: 150ms;
}

.c0:hover {
  opacity: 1;
}

.c0:disabled {
  background: #939AA3;
  cursor: not-allowed;
}

<button
    class="c0"
  >
    Snapshot Test
  </button>
</DocumentFragment>
`;
